
===========================================================================
 report_power
============================================================================
======================= min_ff_n40C_1v95 Corner ===================================

Group                    Internal    Switching      Leakage        Total
                            Power        Power        Power        Power (Watts)
------------------------------------------------------------------------
Sequential           0.000000e+00 0.000000e+00 0.000000e+00 0.000000e+00   0.0%
Combinational        1.839912e-05 6.878561e-05 3.359800e-09 8.718809e-05  19.2%
Clock                2.591775e-05 2.313185e-05 3.451990e-07 4.939480e-05  10.9%
Macro                3.141761e-04 3.507370e-06 2.302500e-09 3.176857e-04  69.9%
Pad                  0.000000e+00 0.000000e+00 0.000000e+00 0.000000e+00   0.0%
------------------------------------------------------------------------
Total                3.584929e-04 9.542482e-05 3.508629e-07 4.542686e-04 100.0%
                            78.9%        21.0%         0.1%

