Clock: clk
Sources: wb_clk_i 
Generated: no
Virtual: yes
Propagated: no
Period: 25.000000

===========================================================================
report_clock_properties
============================================================================
Clock                   Period          Waveform
----------------------------------------------------
clk                  25.000000    0.000000 12.500000

===========================================================================
report_clock_latency
============================================================================
Clock clk
rise -> rise
    min     max
4.650000 5.570000 source latency
5.009302         network latency neuro_inst/wb_clk_i
        5.929302 network latency neuro_inst/wb_clk_i
---------------
9.659301 11.499301 latency
        1.840000 skew

fall -> fall
    min     max
4.650000 5.570000 source latency
5.198823         network latency neuro_inst/wb_clk_i
        6.118823 network latency neuro_inst/wb_clk_i
---------------
9.848823 11.688823 latency
        1.840000 skew



===========================================================================
report_clock_min_period
============================================================================
clk period_min = 0.00 fmax = inf
