
===========================================================================
 report_power
============================================================================
======================= nom_tt_025C_1v80 Corner ===================================

Group                    Internal    Switching      Leakage        Total
                            Power        Power        Power        Power (Watts)
------------------------------------------------------------------------
Sequential           0.000000e+00 0.000000e+00 0.000000e+00 0.000000e+00   0.0%
Combinational        1.408424e-05 6.334169e-05 1.237849e-09 7.742717e-05  17.7%
Clock                2.199776e-05 2.077500e-05 2.937204e-07 4.306648e-05   9.8%
Macro                3.141761e-04 3.714272e-06 2.302500e-09 3.178926e-04  72.5%
Pad                  0.000000e+00 0.000000e+00 0.000000e+00 0.000000e+00   0.0%
------------------------------------------------------------------------
Total                3.502581e-04 8.783097e-05 2.972609e-07 4.383863e-04 100.0%
                            79.9%        20.0%         0.1%

