
===========================================================================
 report_power
============================================================================
======================= min_ss_100C_1v60 Corner ===================================

Group                    Internal    Switching      Leakage        Total
                            Power        Power        Power        Power (Watts)
------------------------------------------------------------------------
Sequential           0.000000e+00 0.000000e+00 0.000000e+00 0.000000e+00   0.0%
Combinational        1.130276e-05 4.645991e-05 9.187656e-07 5.868143e-05  14.3%
Clock                1.794959e-05 1.570398e-05 3.596687e-07 3.401324e-05   8.3%
Macro                3.141761e-04 3.508964e-06 2.302500e-09 3.176873e-04  77.4%
Pad                  0.000000e+00 0.000000e+00 0.000000e+00 0.000000e+00   0.0%
------------------------------------------------------------------------
Total                3.434284e-04 6.567285e-05 1.280749e-06 4.103820e-04 100.0%
                            83.7%        16.0%         0.3%

