
===========================================================================
 report_power
============================================================================
======================= max_ss_100C_1v60 Corner ===================================

Group                    Internal    Switching      Leakage        Total
                            Power        Power        Power        Power (Watts)
------------------------------------------------------------------------
Sequential           0.000000e+00 0.000000e+00 0.000000e+00 0.000000e+00   0.0%
Combinational        1.133724e-05 5.255923e-05 9.187656e-07 6.481523e-05  15.5%
Clock                1.796014e-05 1.680856e-05 3.596687e-07 3.512837e-05   8.4%
Macro                3.141761e-04 3.858634e-06 2.302500e-09 3.180370e-04  76.1%
Pad                  0.000000e+00 0.000000e+00 0.000000e+00 0.000000e+00   0.0%
------------------------------------------------------------------------
Total                3.434734e-04 7.322642e-05 1.280749e-06 4.179806e-04 100.0%
                            82.2%        17.5%         0.3%

