
===========================================================================
 report_power
============================================================================
======================= max_tt_025C_1v80 Corner ===================================

Group                    Internal    Switching      Leakage        Total
                            Power        Power        Power        Power (Watts)
------------------------------------------------------------------------
Sequential           0.000000e+00 0.000000e+00 0.000000e+00 0.000000e+00   0.0%
Combinational        1.408839e-05 6.641985e-05 1.237849e-09 8.050947e-05  18.2%
Clock                2.202086e-05 2.118041e-05 2.937204e-07 4.349499e-05   9.8%
Macro                3.141761e-04 3.858881e-06 2.302500e-09 3.180372e-04  71.9%
Pad                  0.000000e+00 0.000000e+00 0.000000e+00 0.000000e+00   0.0%
------------------------------------------------------------------------
Total                3.502853e-04 9.145914e-05 2.972609e-07 4.420417e-04 100.0%
                            79.2%        20.7%         0.1%

