
===========================================================================
report_checks -unconstrained
===========================================================================
======================= min_tt_025C_1v80 Corner ===================================

Startpoint: wb_clk_i (clock source 'clk')
Endpoint: clkload0/Y (internal pin)
Path Group: unconstrained
Path Type: max

Fanout         Cap        Slew       Delay        Time   Description
---------------------------------------------------------------------------------------------
     2    0.135430    0.610000    0.000000   18.070000 v wb_clk_i (in)
                                                         wb_clk_i (net)
                      0.700635    0.045318   18.115318 v clkbuf_0_wb_clk_i/A (sky130_fd_sc_hd__clkbuf_16)
     5    0.047101    0.063544    0.421192   18.536510 v clkbuf_0_wb_clk_i/X (sky130_fd_sc_hd__clkbuf_16)
                                                         clknet_0_wb_clk_i (net)
                      0.063587    0.001810   18.538321 v clkbuf_1_0__f_wb_clk_i/A (sky130_fd_sc_hd__clkbuf_16)
     5    0.052235    0.053073    0.174571   18.712891 v clkbuf_1_0__f_wb_clk_i/X (sky130_fd_sc_hd__clkbuf_16)
                                                         clknet_1_0__leaf_wb_clk_i (net)
                      0.053075    0.000265   18.713156 v clkload0/A (sky130_fd_sc_hd__inv_6)
     0    0.000000    0.017625    0.036652   18.749807 ^ clkload0/Y (sky130_fd_sc_hd__inv_6)
                                                         (unconnected)
                                             18.749807   data arrival time
---------------------------------------------------------------------------------------------
(Path is unconstrained)




===========================================================================
report_checks --slack_max -0.01
============================================================================
======================= min_tt_025C_1v80 Corner ===================================

No paths found.


===========================================================================
 report_check_types -max_slew -max_cap -max_fanout -violators
============================================================================
======================= min_tt_025C_1v80 Corner ===================================

max fanout

Pin                                   Limit Fanout  Slack
---------------------------------------------------------
analog_io[22]                            10     12     -2 (VIOLATED)



===========================================================================
report_parasitic_annotation -report_unannotated
============================================================================
Found 522 unannotated drivers.
 analog_io[0]
 analog_io[10]
 analog_io[11]
 analog_io[12]
 analog_io[13]
 analog_io[14]
 analog_io[15]
 analog_io[16]
 analog_io[17]
 analog_io[1]
 analog_io[28]
 analog_io[2]
 analog_io[3]
 analog_io[4]
 analog_io[5]
 analog_io[6]
 analog_io[7]
 analog_io[8]
 analog_io[9]
 io_in[0]
 io_in[10]
 io_in[11]
 io_in[12]
 io_in[13]
 io_in[14]
 io_in[15]
 io_in[16]
 io_in[17]
 io_in[18]
 io_in[19]
 io_in[1]
 io_in[20]
 io_in[23]
 io_in[24]
 io_in[25]
 io_in[26]
 io_in[27]
 io_in[28]
 io_in[29]
 io_in[2]
 io_in[30]
 io_in[31]
 io_in[32]
 io_in[33]
 io_in[34]
 io_in[37]
 io_in[3]
 io_in[4]
 io_in[5]
 io_in[6]
 io_in[7]
 io_in[8]
 io_in[9]
 la_data_in[0]
 la_data_in[100]
 la_data_in[101]
 la_data_in[102]
 la_data_in[103]
 la_data_in[104]
 la_data_in[105]
 la_data_in[106]
 la_data_in[107]
 la_data_in[108]
 la_data_in[109]
 la_data_in[10]
 la_data_in[110]
 la_data_in[111]
 la_data_in[112]
 la_data_in[113]
 la_data_in[114]
 la_data_in[115]
 la_data_in[116]
 la_data_in[117]
 la_data_in[118]
 la_data_in[119]
 la_data_in[11]
 la_data_in[120]
 la_data_in[121]
 la_data_in[122]
 la_data_in[123]
 la_data_in[124]
 la_data_in[125]
 la_data_in[126]
 la_data_in[127]
 la_data_in[12]
 la_data_in[13]
 la_data_in[14]
 la_data_in[15]
 la_data_in[16]
 la_data_in[17]
 la_data_in[18]
 la_data_in[19]
 la_data_in[1]
 la_data_in[20]
 la_data_in[21]
 la_data_in[22]
 la_data_in[23]
 la_data_in[24]
 la_data_in[25]
 la_data_in[26]
 la_data_in[27]
 la_data_in[28]
 la_data_in[29]
 la_data_in[2]
 la_data_in[30]
 la_data_in[31]
 la_data_in[32]
 la_data_in[33]
 la_data_in[34]
 la_data_in[35]
 la_data_in[36]
 la_data_in[37]
 la_data_in[38]
 la_data_in[39]
 la_data_in[3]
 la_data_in[40]
 la_data_in[41]
 la_data_in[42]
 la_data_in[43]
 la_data_in[44]
 la_data_in[45]
 la_data_in[46]
 la_data_in[47]
 la_data_in[48]
 la_data_in[49]
 la_data_in[4]
 la_data_in[50]
 la_data_in[51]
 la_data_in[52]
 la_data_in[53]
 la_data_in[54]
 la_data_in[55]
 la_data_in[56]
 la_data_in[57]
 la_data_in[58]
 la_data_in[59]
 la_data_in[5]
 la_data_in[60]
 la_data_in[61]
 la_data_in[62]
 la_data_in[63]
 la_data_in[64]
 la_data_in[65]
 la_data_in[66]
 la_data_in[67]
 la_data_in[68]
 la_data_in[69]
 la_data_in[6]
 la_data_in[70]
 la_data_in[71]
 la_data_in[72]
 la_data_in[73]
 la_data_in[74]
 la_data_in[75]
 la_data_in[76]
 la_data_in[77]
 la_data_in[78]
 la_data_in[79]
 la_data_in[7]
 la_data_in[80]
 la_data_in[81]
 la_data_in[82]
 la_data_in[83]
 la_data_in[84]
 la_data_in[85]
 la_data_in[86]
 la_data_in[87]
 la_data_in[88]
 la_data_in[89]
 la_data_in[8]
 la_data_in[90]
 la_data_in[91]
 la_data_in[92]
 la_data_in[93]
 la_data_in[94]
 la_data_in[95]
 la_data_in[96]
 la_data_in[97]
 la_data_in[98]
 la_data_in[99]
 la_data_in[9]
 la_oenb[0]
 la_oenb[100]
 la_oenb[101]
 la_oenb[102]
 la_oenb[103]
 la_oenb[104]
 la_oenb[105]
 la_oenb[106]
 la_oenb[107]
 la_oenb[108]
 la_oenb[109]
 la_oenb[10]
 la_oenb[110]
 la_oenb[111]
 la_oenb[112]
 la_oenb[113]
 la_oenb[114]
 la_oenb[115]
 la_oenb[116]
 la_oenb[117]
 la_oenb[118]
 la_oenb[119]
 la_oenb[11]
 la_oenb[120]
 la_oenb[121]
 la_oenb[122]
 la_oenb[123]
 la_oenb[124]
 la_oenb[125]
 la_oenb[126]
 la_oenb[127]
 la_oenb[12]
 la_oenb[13]
 la_oenb[14]
 la_oenb[15]
 la_oenb[16]
 la_oenb[17]
 la_oenb[18]
 la_oenb[19]
 la_oenb[1]
 la_oenb[20]
 la_oenb[21]
 la_oenb[22]
 la_oenb[23]
 la_oenb[24]
 la_oenb[25]
 la_oenb[26]
 la_oenb[27]
 la_oenb[28]
 la_oenb[29]
 la_oenb[2]
 la_oenb[30]
 la_oenb[31]
 la_oenb[32]
 la_oenb[33]
 la_oenb[34]
 la_oenb[35]
 la_oenb[36]
 la_oenb[37]
 la_oenb[38]
 la_oenb[39]
 la_oenb[3]
 la_oenb[40]
 la_oenb[41]
 la_oenb[42]
 la_oenb[43]
 la_oenb[44]
 la_oenb[45]
 la_oenb[46]
 la_oenb[47]
 la_oenb[48]
 la_oenb[49]
 la_oenb[4]
 la_oenb[50]
 la_oenb[51]
 la_oenb[52]
 la_oenb[53]
 la_oenb[54]
 la_oenb[55]
 la_oenb[56]
 la_oenb[57]
 la_oenb[58]
 la_oenb[59]
 la_oenb[5]
 la_oenb[60]
 la_oenb[61]
 la_oenb[62]
 la_oenb[63]
 la_oenb[64]
 la_oenb[65]
 la_oenb[66]
 la_oenb[67]
 la_oenb[68]
 la_oenb[69]
 la_oenb[6]
 la_oenb[70]
 la_oenb[71]
 la_oenb[72]
 la_oenb[73]
 la_oenb[74]
 la_oenb[75]
 la_oenb[76]
 la_oenb[77]
 la_oenb[78]
 la_oenb[79]
 la_oenb[7]
 la_oenb[80]
 la_oenb[81]
 la_oenb[82]
 la_oenb[83]
 la_oenb[84]
 la_oenb[85]
 la_oenb[86]
 la_oenb[87]
 la_oenb[88]
 la_oenb[89]
 la_oenb[8]
 la_oenb[90]
 la_oenb[91]
 la_oenb[92]
 la_oenb[93]
 la_oenb[94]
 la_oenb[95]
 la_oenb[96]
 la_oenb[97]
 la_oenb[98]
 la_oenb[99]
 la_oenb[9]
 user_clock2
 clkload0/Y
 neuro_inst/VDDA1
 neuro_inst/VDDA2
 neuro_inst/VDDC1
 neuro_inst/VDDC2
 neuro_inst/VSS
 user_project_wrapper_100/HI
 user_project_wrapper_101/HI
 user_project_wrapper_102/HI
 user_project_wrapper_103/HI
 user_project_wrapper_104/HI
 user_project_wrapper_105/HI
 user_project_wrapper_106/HI
 user_project_wrapper_107/HI
 user_project_wrapper_108/HI
 user_project_wrapper_109/HI
 user_project_wrapper_110/HI
 user_project_wrapper_111/HI
 user_project_wrapper_112/HI
 user_project_wrapper_113/HI
 user_project_wrapper_114/HI
 user_project_wrapper_115/HI
 user_project_wrapper_116/HI
 user_project_wrapper_117/HI
 user_project_wrapper_118/HI
 user_project_wrapper_119/HI
 user_project_wrapper_120/HI
 user_project_wrapper_121/HI
 user_project_wrapper_122/HI
 user_project_wrapper_123/HI
 user_project_wrapper_124/HI
 user_project_wrapper_125/HI
 user_project_wrapper_126/HI
 user_project_wrapper_127/HI
 user_project_wrapper_128/HI
 user_project_wrapper_129/HI
 user_project_wrapper_130/HI
 user_project_wrapper_131/HI
 user_project_wrapper_132/HI
 user_project_wrapper_133/HI
 user_project_wrapper_134/HI
 user_project_wrapper_135/HI
 user_project_wrapper_136/HI
 user_project_wrapper_137/HI
 user_project_wrapper_138/HI
 user_project_wrapper_139/HI
 user_project_wrapper_140/HI
 user_project_wrapper_141/HI
 user_project_wrapper_142/HI
 user_project_wrapper_143/HI
 user_project_wrapper_144/HI
 user_project_wrapper_145/HI
 user_project_wrapper_146/HI
 user_project_wrapper_147/HI
 user_project_wrapper_148/HI
 user_project_wrapper_149/HI
 user_project_wrapper_150/HI
 user_project_wrapper_151/HI
 user_project_wrapper_152/HI
 user_project_wrapper_153/HI
 user_project_wrapper_154/HI
 user_project_wrapper_155/HI
 user_project_wrapper_156/HI
 user_project_wrapper_157/HI
 user_project_wrapper_158/HI
 user_project_wrapper_159/HI
 user_project_wrapper_160/HI
 user_project_wrapper_161/HI
 user_project_wrapper_162/HI
 user_project_wrapper_163/HI
 user_project_wrapper_164/HI
 user_project_wrapper_165/HI
 user_project_wrapper_166/HI
 user_project_wrapper_167/HI
 user_project_wrapper_168/HI
 user_project_wrapper_169/HI
 user_project_wrapper_170/HI
 user_project_wrapper_171/HI
 user_project_wrapper_172/HI
 user_project_wrapper_173/HI
 user_project_wrapper_174/HI
 user_project_wrapper_175/HI
 user_project_wrapper_176/HI
 user_project_wrapper_177/HI
 user_project_wrapper_178/HI
 user_project_wrapper_179/HI
 user_project_wrapper_180/HI
 user_project_wrapper_181/HI
 user_project_wrapper_182/HI
 user_project_wrapper_183/HI
 user_project_wrapper_184/HI
 user_project_wrapper_185/HI
 user_project_wrapper_186/HI
 user_project_wrapper_187/HI
 user_project_wrapper_188/HI
 user_project_wrapper_189/HI
 user_project_wrapper_190/HI
 user_project_wrapper_191/HI
 user_project_wrapper_192/HI
 user_project_wrapper_193/HI
 user_project_wrapper_194/HI
 user_project_wrapper_195/HI
 user_project_wrapper_196/HI
 user_project_wrapper_197/HI
 user_project_wrapper_198/HI
 user_project_wrapper_199/HI
 user_project_wrapper_200/HI
 user_project_wrapper_201/HI
 user_project_wrapper_202/HI
 user_project_wrapper_203/HI
 user_project_wrapper_204/HI
 user_project_wrapper_205/HI
 user_project_wrapper_206/HI
 user_project_wrapper_207/HI
 user_project_wrapper_208/HI
 user_project_wrapper_209/HI
 user_project_wrapper_210/HI
 user_project_wrapper_211/HI
 user_project_wrapper_212/HI
 user_project_wrapper_213/HI
 user_project_wrapper_214/HI
 user_project_wrapper_215/HI
 user_project_wrapper_216/HI
 user_project_wrapper_217/HI
 user_project_wrapper_218/HI
 user_project_wrapper_219/HI
 user_project_wrapper_220/HI
 user_project_wrapper_221/HI
 user_project_wrapper_222/HI
 user_project_wrapper_223/HI
 user_project_wrapper_224/HI
 user_project_wrapper_225/HI
 user_project_wrapper_226/HI
 user_project_wrapper_227/HI
 user_project_wrapper_228/HI
 user_project_wrapper_229/HI
 user_project_wrapper_230/HI
 user_project_wrapper_231/HI
 user_project_wrapper_232/HI
 user_project_wrapper_233/HI
 user_project_wrapper_234/HI
 user_project_wrapper_235/HI
 user_project_wrapper_236/HI
 user_project_wrapper_237/HI
 user_project_wrapper_238/HI
 user_project_wrapper_239/HI
 user_project_wrapper_240/HI
 user_project_wrapper_241/HI
 user_project_wrapper_242/HI
 user_project_wrapper_243/HI
 user_project_wrapper_244/HI
 user_project_wrapper_245/HI
 user_project_wrapper_246/HI
 user_project_wrapper_247/HI
 user_project_wrapper_248/HI
 user_project_wrapper_249/HI
 user_project_wrapper_250/HI
 user_project_wrapper_251/HI
 user_project_wrapper_252/HI
 user_project_wrapper_253/HI
 user_project_wrapper_254/HI
 user_project_wrapper_255/HI
 user_project_wrapper_256/HI
 user_project_wrapper_257/HI
 user_project_wrapper_258/HI
 user_project_wrapper_259/HI
 user_project_wrapper_260/HI
 user_project_wrapper_261/HI
 user_project_wrapper_262/HI
 user_project_wrapper_263/HI
 user_project_wrapper_264/HI
 user_project_wrapper_265/HI
 user_project_wrapper_266/HI
 user_project_wrapper_267/HI
 user_project_wrapper_268/HI
 user_project_wrapper_269/HI
 user_project_wrapper_270/HI
 user_project_wrapper_271/HI
 user_project_wrapper_272/HI
 user_project_wrapper_273/HI
 user_project_wrapper_274/HI
 user_project_wrapper_275/HI
 user_project_wrapper_276/HI
 user_project_wrapper_277/HI
 user_project_wrapper_278/HI
 user_project_wrapper_279/HI
 user_project_wrapper_280/HI
 user_project_wrapper_281/HI
 user_project_wrapper_282/HI
 user_project_wrapper_283/HI
 user_project_wrapper_284/HI
 user_project_wrapper_285/HI
 user_project_wrapper_286/HI
 user_project_wrapper_287/HI
 user_project_wrapper_82/HI
 user_project_wrapper_83/HI
 user_project_wrapper_84/HI
 user_project_wrapper_85/HI
 user_project_wrapper_86/HI
 user_project_wrapper_87/HI
 user_project_wrapper_88/HI
 user_project_wrapper_89/HI
 user_project_wrapper_90/HI
 user_project_wrapper_91/HI
 user_project_wrapper_92/HI
 user_project_wrapper_93/HI
 user_project_wrapper_94/HI
 user_project_wrapper_95/HI
 user_project_wrapper_96/HI
 user_project_wrapper_97/HI
 user_project_wrapper_98/HI
 user_project_wrapper_99/HI
Found 0 partially unannotated drivers.

===========================================================================
max slew violation count 0
max fanout violation count 1
max cap violation count 0
============================================================================

===========================================================================
check_setup -verbose -unconstrained_endpoints -multiple_clock -no_clock -no_input_delay -loops -generated_clocks
===========================================================================
Warning: There are 68 input ports missing set_input_delay.
  analog_io[0]
  analog_io[10]
  analog_io[11]
  analog_io[12]
  analog_io[13]
  analog_io[14]
  analog_io[15]
  analog_io[16]
  analog_io[17]
  analog_io[18]
  analog_io[19]
  analog_io[1]
  analog_io[20]
  analog_io[21]
  analog_io[22]
  analog_io[23]
  analog_io[24]
  analog_io[25]
  analog_io[26]
  analog_io[27]
  analog_io[28]
  analog_io[2]
  analog_io[3]
  analog_io[4]
  analog_io[5]
  analog_io[6]
  analog_io[7]
  analog_io[8]
  analog_io[9]
  io_in[0]
  io_in[10]
  io_in[11]
  io_in[12]
  io_in[13]
  io_in[14]
  io_in[15]
  io_in[16]
  io_in[17]
  io_in[18]
  io_in[19]
  io_in[1]
  io_in[20]
  io_in[21]
  io_in[22]
  io_in[23]
  io_in[24]
  io_in[25]
  io_in[26]
  io_in[27]
  io_in[28]
  io_in[29]
  io_in[2]
  io_in[30]
  io_in[31]
  io_in[32]
  io_in[33]
  io_in[34]
  io_in[35]
  io_in[36]
  io_in[37]
  io_in[3]
  io_in[4]
  io_in[5]
  io_in[6]
  io_in[7]
  io_in[8]
  io_in[9]
  user_clock2
Warning: There are 269 unconstrained endpoints.
  analog_io[0]
  analog_io[10]
  analog_io[11]
  analog_io[12]
  analog_io[13]
  analog_io[14]
  analog_io[15]
  analog_io[16]
  analog_io[17]
  analog_io[18]
  analog_io[19]
  analog_io[1]
  analog_io[20]
  analog_io[21]
  analog_io[22]
  analog_io[23]
  analog_io[24]
  analog_io[25]
  analog_io[26]
  analog_io[27]
  analog_io[28]
  analog_io[2]
  analog_io[3]
  analog_io[4]
  analog_io[5]
  analog_io[6]
  analog_io[7]
  analog_io[8]
  analog_io[9]
  io_oeb[0]
  io_oeb[10]
  io_oeb[11]
  io_oeb[12]
  io_oeb[13]
  io_oeb[14]
  io_oeb[15]
  io_oeb[16]
  io_oeb[17]
  io_oeb[18]
  io_oeb[19]
  io_oeb[1]
  io_oeb[20]
  io_oeb[21]
  io_oeb[22]
  io_oeb[23]
  io_oeb[24]
  io_oeb[25]
  io_oeb[26]
  io_oeb[27]
  io_oeb[28]
  io_oeb[29]
  io_oeb[2]
  io_oeb[30]
  io_oeb[31]
  io_oeb[32]
  io_oeb[33]
  io_oeb[34]
  io_oeb[35]
  io_oeb[36]
  io_oeb[37]
  io_oeb[3]
  io_oeb[4]
  io_oeb[5]
  io_oeb[6]
  io_oeb[7]
  io_oeb[8]
  io_oeb[9]
  io_out[0]
  io_out[10]
  io_out[11]
  io_out[12]
  io_out[13]
  io_out[14]
  io_out[15]
  io_out[16]
  io_out[17]
  io_out[18]
  io_out[19]
  io_out[1]
  io_out[20]
  io_out[21]
  io_out[22]
  io_out[23]
  io_out[24]
  io_out[25]
  io_out[26]
  io_out[27]
  io_out[28]
  io_out[29]
  io_out[2]
  io_out[30]
  io_out[31]
  io_out[32]
  io_out[33]
  io_out[34]
  io_out[35]
  io_out[36]
  io_out[37]
  io_out[3]
  io_out[4]
  io_out[5]
  io_out[6]
  io_out[7]
  io_out[8]
  io_out[9]
  la_data_out[0]
  la_data_out[100]
  la_data_out[101]
  la_data_out[102]
  la_data_out[103]
  la_data_out[104]
  la_data_out[105]
  la_data_out[106]
  la_data_out[107]
  la_data_out[108]
  la_data_out[109]
  la_data_out[10]
  la_data_out[110]
  la_data_out[111]
  la_data_out[112]
  la_data_out[113]
  la_data_out[114]
  la_data_out[115]
  la_data_out[116]
  la_data_out[117]
  la_data_out[118]
  la_data_out[119]
  la_data_out[11]
  la_data_out[120]
  la_data_out[121]
  la_data_out[122]
  la_data_out[123]
  la_data_out[124]
  la_data_out[125]
  la_data_out[126]
  la_data_out[127]
  la_data_out[12]
  la_data_out[13]
  la_data_out[14]
  la_data_out[15]
  la_data_out[16]
  la_data_out[17]
  la_data_out[18]
  la_data_out[19]
  la_data_out[1]
  la_data_out[20]
  la_data_out[21]
  la_data_out[22]
  la_data_out[23]
  la_data_out[24]
  la_data_out[25]
  la_data_out[26]
  la_data_out[27]
  la_data_out[28]
  la_data_out[29]
  la_data_out[2]
  la_data_out[30]
  la_data_out[31]
  la_data_out[32]
  la_data_out[33]
  la_data_out[34]
  la_data_out[35]
  la_data_out[36]
  la_data_out[37]
  la_data_out[38]
  la_data_out[39]
  la_data_out[3]
  la_data_out[40]
  la_data_out[41]
  la_data_out[42]
  la_data_out[43]
  la_data_out[44]
  la_data_out[45]
  la_data_out[46]
  la_data_out[47]
  la_data_out[48]
  la_data_out[49]
  la_data_out[4]
  la_data_out[50]
  la_data_out[51]
  la_data_out[52]
  la_data_out[53]
  la_data_out[54]
  la_data_out[55]
  la_data_out[56]
  la_data_out[57]
  la_data_out[58]
  la_data_out[59]
  la_data_out[5]
  la_data_out[60]
  la_data_out[61]
  la_data_out[62]
  la_data_out[63]
  la_data_out[64]
  la_data_out[65]
  la_data_out[66]
  la_data_out[67]
  la_data_out[68]
  la_data_out[69]
  la_data_out[6]
  la_data_out[70]
  la_data_out[71]
  la_data_out[72]
  la_data_out[73]
  la_data_out[74]
  la_data_out[75]
  la_data_out[76]
  la_data_out[77]
  la_data_out[78]
  la_data_out[79]
  la_data_out[7]
  la_data_out[80]
  la_data_out[81]
  la_data_out[82]
  la_data_out[83]
  la_data_out[84]
  la_data_out[85]
  la_data_out[86]
  la_data_out[87]
  la_data_out[88]
  la_data_out[89]
  la_data_out[8]
  la_data_out[90]
  la_data_out[91]
  la_data_out[92]
  la_data_out[93]
  la_data_out[94]
  la_data_out[95]
  la_data_out[96]
  la_data_out[97]
  la_data_out[98]
  la_data_out[99]
  la_data_out[9]
  user_irq[0]
  user_irq[1]
  user_irq[2]
  wbs_ack_o
  wbs_dat_o[0]
  wbs_dat_o[10]
  wbs_dat_o[11]
  wbs_dat_o[12]
  wbs_dat_o[13]
  wbs_dat_o[14]
  wbs_dat_o[15]
  wbs_dat_o[16]
  wbs_dat_o[17]
  wbs_dat_o[18]
  wbs_dat_o[19]
  wbs_dat_o[1]
  wbs_dat_o[20]
  wbs_dat_o[21]
  wbs_dat_o[22]
  wbs_dat_o[23]
  wbs_dat_o[24]
  wbs_dat_o[25]
  wbs_dat_o[26]
  wbs_dat_o[27]
  wbs_dat_o[28]
  wbs_dat_o[29]
  wbs_dat_o[2]
  wbs_dat_o[30]
  wbs_dat_o[31]
  wbs_dat_o[3]
  wbs_dat_o[4]
  wbs_dat_o[5]
  wbs_dat_o[6]
  wbs_dat_o[7]
  wbs_dat_o[8]
  wbs_dat_o[9]
