
===========================================================================
 report_power
============================================================================
======================= min_tt_025C_1v80 Corner ===================================

Group                    Internal    Switching      Leakage        Total
                            Power        Power        Power        Power (Watts)
------------------------------------------------------------------------
Sequential           0.000000e+00 0.000000e+00 0.000000e+00 0.000000e+00   0.0%
Combinational        1.407279e-05 5.870039e-05 1.237849e-09 7.277441e-05  16.8%
Clock                2.195925e-05 1.978242e-05 2.937204e-07 4.203540e-05   9.7%
Macro                3.141761e-04 3.509211e-06 2.302500e-09 3.176876e-04  73.5%
Pad                  0.000000e+00 0.000000e+00 0.000000e+00 0.000000e+00   0.0%
------------------------------------------------------------------------
Total                3.502081e-04 8.199202e-05 2.972609e-07 4.324974e-04 100.0%
                            81.0%        19.0%         0.1%

